C:/TouchGFXProjects/TESTTESTTESTTTT/Core/Src/main.c:974:13:SPI5_Write	16	static
C:/TouchGFXProjects/TESTTESTTESTTTT/Core/Src/main.c:1077:13:TouchGFX_Task	8	static
C:/TouchGFXProjects/TESTTESTTESTTTT/Core/Src/main.c:1115:6:StartBluetoothTask	8	static
C:/TouchGFXProjects/TESTTESTTESTTTT/Core/Src/main.c:161:6:user_pwm_setvalue	48	static
C:/TouchGFXProjects/TESTTESTTESTTTT/Core/Src/main.c:171:6:sensor_fan_control	8	static
C:/TouchGFXProjects/TESTTESTTESTTTT/Core/Src/main.c:1095:6:StartSensorTask	8	static
C:/TouchGFXProjects/TESTTESTTESTTTT/Core/Src/main.c:193:6:bluetooth_fan_control	8	static
C:/TouchGFXProjects/TESTTESTTESTTTT/Core/Src/main.c:211:1:__io_putchar	16	static
C:/TouchGFXProjects/TESTTESTTESTTTT/Core/Src/main.c:306:6:HAL_UART_RxCpltCallback	0	static
C:/TouchGFXProjects/TESTTESTTESTTTT/Core/Src/main.c:317:6:SystemClock_Config	152	static
C:/TouchGFXProjects/TESTTESTTESTTTT/Core/Src/main.c:222:5:main	112	static
C:/TouchGFXProjects/TESTTESTTESTTTT/Core/Src/main.c:830:6:IOE_Init	0	static
C:/TouchGFXProjects/TESTTESTTESTTTT/Core/Src/main.c:838:6:IOE_ITConfig	0	static
C:/TouchGFXProjects/TESTTESTTESTTTT/Core/Src/main.c:849:6:IOE_Write	32	static
C:/TouchGFXProjects/TESTTESTTESTTTT/Core/Src/main.c:859:9:IOE_Read	32	static
C:/TouchGFXProjects/TESTTESTTESTTTT/Core/Src/main.c:871:10:IOE_ReadMultiple	24	static
C:/TouchGFXProjects/TESTTESTTESTTTT/Core/Src/main.c:880:6:IOE_Delay	0	static
C:/TouchGFXProjects/TESTTESTTESTTTT/Core/Src/main.c:996:6:LCD_IO_Init	8	static
C:/TouchGFXProjects/TESTTESTTESTTTT/Core/Src/main.c:1005:6:LCD_IO_WriteData	16	static
C:/TouchGFXProjects/TESTTESTTESTTTT/Core/Src/main.c:1020:6:LCD_IO_WriteReg	16	static
C:/TouchGFXProjects/TESTTESTTESTTTT/Core/Src/main.c:1038:10:LCD_IO_ReadData	32	static
C:/TouchGFXProjects/TESTTESTTESTTTT/Core/Src/main.c:1064:6:LCD_Delay	0	static
C:/TouchGFXProjects/TESTTESTTESTTTT/Core/Src/main.c:1135:6:HAL_TIM_PeriodElapsedCallback	0	static
C:/TouchGFXProjects/TESTTESTTESTTTT/Core/Src/main.c:1152:6:Error_Handler	0	static
