E:/ventilator-mc-licenta-main/ventilator-mc-licenta-main/Core/Src/main.c:977:13:SPI5_Write	16	static
E:/ventilator-mc-licenta-main/ventilator-mc-licenta-main/Core/Src/main.c:1080:13:TouchGFX_Task	8	static
E:/ventilator-mc-licenta-main/ventilator-mc-licenta-main/Core/Src/main.c:1118:6:StartBluetoothTask	8	static
E:/ventilator-mc-licenta-main/ventilator-mc-licenta-main/Core/Src/main.c:159:6:HAL_UART_RxCpltCallback	0	static
E:/ventilator-mc-licenta-main/ventilator-mc-licenta-main/Core/Src/main.c:169:6:user_pwm_setvalue	48	static
E:/ventilator-mc-licenta-main/ventilator-mc-licenta-main/Core/Src/main.c:179:6:sensor_fan_control	8	static
E:/ventilator-mc-licenta-main/ventilator-mc-licenta-main/Core/Src/main.c:1098:6:StartSensorTask	8	static
E:/ventilator-mc-licenta-main/ventilator-mc-licenta-main/Core/Src/main.c:201:6:bluetooth_fan_control	8	static
E:/ventilator-mc-licenta-main/ventilator-mc-licenta-main/Core/Src/main.c:219:1:__io_putchar	16	static
E:/ventilator-mc-licenta-main/ventilator-mc-licenta-main/Core/Src/main.c:320:6:SystemClock_Config	152	static
E:/ventilator-mc-licenta-main/ventilator-mc-licenta-main/Core/Src/main.c:230:5:main	112	static
E:/ventilator-mc-licenta-main/ventilator-mc-licenta-main/Core/Src/main.c:833:6:IOE_Init	0	static
E:/ventilator-mc-licenta-main/ventilator-mc-licenta-main/Core/Src/main.c:841:6:IOE_ITConfig	0	static
E:/ventilator-mc-licenta-main/ventilator-mc-licenta-main/Core/Src/main.c:852:6:IOE_Write	32	static
E:/ventilator-mc-licenta-main/ventilator-mc-licenta-main/Core/Src/main.c:862:9:IOE_Read	32	static
E:/ventilator-mc-licenta-main/ventilator-mc-licenta-main/Core/Src/main.c:874:10:IOE_ReadMultiple	24	static
E:/ventilator-mc-licenta-main/ventilator-mc-licenta-main/Core/Src/main.c:883:6:IOE_Delay	0	static
E:/ventilator-mc-licenta-main/ventilator-mc-licenta-main/Core/Src/main.c:999:6:LCD_IO_Init	8	static
E:/ventilator-mc-licenta-main/ventilator-mc-licenta-main/Core/Src/main.c:1008:6:LCD_IO_WriteData	16	static
E:/ventilator-mc-licenta-main/ventilator-mc-licenta-main/Core/Src/main.c:1023:6:LCD_IO_WriteReg	16	static
E:/ventilator-mc-licenta-main/ventilator-mc-licenta-main/Core/Src/main.c:1041:10:LCD_IO_ReadData	32	static
E:/ventilator-mc-licenta-main/ventilator-mc-licenta-main/Core/Src/main.c:1067:6:LCD_Delay	0	static
E:/ventilator-mc-licenta-main/ventilator-mc-licenta-main/Core/Src/main.c:1138:6:HAL_TIM_PeriodElapsedCallback	0	static
E:/ventilator-mc-licenta-main/ventilator-mc-licenta-main/Core/Src/main.c:1155:6:Error_Handler	0	static
