E:/ventilator-mc-licenta-main/ventilator-mc-licenta-main/Core/Src/stm32f4xx_hal_msp.c:66:6:HAL_MspInit	8	static
E:/ventilator-mc-licenta-main/ventilator-mc-licenta-main/Core/Src/stm32f4xx_hal_msp.c:90:6:HAL_CRC_MspInit	8	static
E:/ventilator-mc-licenta-main/ventilator-mc-licenta-main/Core/Src/stm32f4xx_hal_msp.c:112:6:HAL_CRC_MspDeInit	0	static
E:/ventilator-mc-licenta-main/ventilator-mc-licenta-main/Core/Src/stm32f4xx_hal_msp.c:134:6:HAL_DMA2D_MspInit	16	static
E:/ventilator-mc-licenta-main/ventilator-mc-licenta-main/Core/Src/stm32f4xx_hal_msp.c:159:6:HAL_DMA2D_MspDeInit	0	static
E:/ventilator-mc-licenta-main/ventilator-mc-licenta-main/Core/Src/stm32f4xx_hal_msp.c:184:6:HAL_I2C_MspInit	64	static
E:/ventilator-mc-licenta-main/ventilator-mc-licenta-main/Core/Src/stm32f4xx_hal_msp.c:232:6:HAL_I2C_MspDeInit	8	static
E:/ventilator-mc-licenta-main/ventilator-mc-licenta-main/Core/Src/stm32f4xx_hal_msp.c:263:6:HAL_LTDC_MspInit	72	static
E:/ventilator-mc-licenta-main/ventilator-mc-licenta-main/Core/Src/stm32f4xx_hal_msp.c:375:6:HAL_LTDC_MspDeInit	8	static
E:/ventilator-mc-licenta-main/ventilator-mc-licenta-main/Core/Src/stm32f4xx_hal_msp.c:437:6:HAL_SPI_MspInit	40	static
E:/ventilator-mc-licenta-main/ventilator-mc-licenta-main/Core/Src/stm32f4xx_hal_msp.c:474:6:HAL_SPI_MspDeInit	0	static
E:/ventilator-mc-licenta-main/ventilator-mc-licenta-main/Core/Src/stm32f4xx_hal_msp.c:504:6:HAL_TIM_Base_MspInit	8	static
E:/ventilator-mc-licenta-main/ventilator-mc-licenta-main/Core/Src/stm32f4xx_hal_msp.c:520:6:HAL_TIM_MspPostInit	32	static
E:/ventilator-mc-licenta-main/ventilator-mc-licenta-main/Core/Src/stm32f4xx_hal_msp.c:552:6:HAL_TIM_Base_MspDeInit	0	static
E:/ventilator-mc-licenta-main/ventilator-mc-licenta-main/Core/Src/stm32f4xx_hal_msp.c:574:6:HAL_UART_MspInit	40	static
E:/ventilator-mc-licenta-main/ventilator-mc-licenta-main/Core/Src/stm32f4xx_hal_msp.c:613:6:HAL_UART_MspDeInit	8	static
E:/ventilator-mc-licenta-main/ventilator-mc-licenta-main/Core/Src/stm32f4xx_hal_msp.c:746:6:HAL_SDRAM_MspInit	48	static
E:/ventilator-mc-licenta-main/ventilator-mc-licenta-main/Core/Src/stm32f4xx_hal_msp.c:832:6:HAL_SDRAM_MspDeInit	8	static
