../../Middlewares/ST/touchgfx/framework/include/touchgfx/Screen.hpp:104:18:virtual void touchgfx::Screen::afterTransition()	0	static
../../Middlewares/ST/touchgfx/framework/include/touchgfx/Screen.hpp:144:18:virtual void touchgfx::Screen::handleTickEvent()	0	static
../../Middlewares/ST/touchgfx/framework/include/touchgfx/Screen.hpp:154:18:virtual void touchgfx::Screen::handleKeyEvent(uint8_t)	0	static
../../TouchGFX/gui/include/gui/mainscreen_screen/mainScreenView.hpp:11:13:mainScreenView::~mainScreenView()	0	static
E:/ventilator-mc-licenta-main/ventilator-mc-licenta-main/TouchGFX/gui/src/mainscreen_screen/mainScreenView.cpp:13:6:virtual void mainScreenView::tearDownScreen()	0	static
E:/ventilator-mc-licenta-main/ventilator-mc-licenta-main/TouchGFX/gui/src/mainscreen_screen/mainScreenView.cpp:8:6:virtual void mainScreenView::setupScreen()	0	static
../../TouchGFX/gui/include/gui/mainscreen_screen/mainScreenView.hpp:11:13:virtual mainScreenView::~mainScreenView()	8	static
E:/ventilator-mc-licenta-main/ventilator-mc-licenta-main/TouchGFX/gui/src/mainscreen_screen/mainScreenView.cpp:3:1:mainScreenView::mainScreenView()	8	static
