../../TouchGFX/gui/include/gui/model/ModelListener.hpp:12:18:virtual void ModelListener::dataRxed()	0	static
../../TouchGFX/gui/include/gui/mainscreen_screen/mainScreenPresenter.hpp:28:13:mainScreenPresenter::~mainScreenPresenter()	0	static
E:/ventilator-mc-licenta-main/ventilator-mc-licenta-main/TouchGFX/gui/src/mainscreen_screen/mainScreenPresenter.cpp:10:6:virtual void mainScreenPresenter::activate()	0	static
../../TouchGFX/gui/include/gui/mainscreen_screen/mainScreenPresenter.hpp:28:13:virtual mainScreenPresenter::~mainScreenPresenter()	8	static
../../TouchGFX/gui/include/gui/mainscreen_screen/mainScreenPresenter.hpp:28:13:virtual void* mainScreenPresenter::_ZThn4_N19mainScreenPresenterD1Ev()	0	static
E:/ventilator-mc-licenta-main/ventilator-mc-licenta-main/TouchGFX/gui/src/mainscreen_screen/mainScreenPresenter.cpp:4:1:mainScreenPresenter::mainScreenPresenter(mainScreenView&)	8	static
